Restoring streak 1 for 145 days ago
Restoring streak 2 for 145 days ago
Restoring streak 3 for 145 days ago
Restoring streak 1 for 144 days ago
Restoring streak 1 for 143 days ago
Restoring streak 2 for 143 days ago
Restoring streak 3 for 143 days ago
Restoring streak 1 for 142 days ago
Restoring streak 1 for 141 days ago
Restoring streak 1 for 140 days ago
Restoring streak 1 for 139 days ago
Restoring streak 1 for 138 days ago
Restoring streak 2 for 138 days ago
Restoring streak 1 for 137 days ago
Restoring streak 1 for 136 days ago
Restoring streak 2 for 136 days ago
Restoring streak 1 for 135 days ago
Restoring streak 2 for 135 days ago
Restoring streak 1 for 134 days ago
Restoring streak 2 for 134 days ago
Restoring streak 3 for 134 days ago
Restoring streak 1 for 133 days ago
Restoring streak 2 for 133 days ago
Restoring streak 3 for 133 days ago
Restoring streak 1 for 132 days ago
Restoring streak 2 for 132 days ago
Restoring streak 3 for 132 days ago
Restoring streak 1 for 131 days ago
Restoring streak 2 for 131 days ago
Restoring streak 1 for 130 days ago
Restoring streak 2 for 130 days ago
Restoring streak 3 for 130 days ago
Restoring streak 1 for 129 days ago
Restoring streak 2 for 129 days ago
Restoring streak 3 for 129 days ago
Restoring streak 1 for 128 days ago
Restoring streak 1 for 127 days ago
Restoring streak 1 for 126 days ago
Restoring streak 2 for 126 days ago
Restoring streak 3 for 126 days ago
Restoring streak 1 for 125 days ago
Restoring streak 1 for 124 days ago
Restoring streak 2 for 124 days ago
Restoring streak 3 for 124 days ago
Restoring streak 1 for 123 days ago
Restoring streak 2 for 123 days ago
Restoring streak 1 for 122 days ago
Restoring streak 2 for 122 days ago
Restoring streak 1 for 121 days ago
Restoring streak 2 for 121 days ago
Restoring streak 1 for 120 days ago
Restoring streak 2 for 120 days ago
Restoring streak 3 for 120 days ago
Restoring streak 1 for 119 days ago
Restoring streak 2 for 119 days ago
Restoring streak 3 for 119 days ago
Restoring streak 1 for 118 days ago
Restoring streak 2 for 118 days ago
Restoring streak 1 for 117 days ago
Restoring streak 2 for 117 days ago
Restoring streak 3 for 117 days ago
Restoring streak 1 for 116 days ago
Restoring streak 2 for 116 days ago
Restoring streak 1 for 115 days ago
Restoring streak 2 for 115 days ago
Restoring streak 3 for 115 days ago
Restoring streak 1 for 114 days ago
Restoring streak 2 for 114 days ago
Restoring streak 1 for 113 days ago
Restoring streak 2 for 113 days ago
Restoring streak 3 for 113 days ago
Restoring streak 1 for 112 days ago
Restoring streak 1 for 111 days ago
Restoring streak 2 for 111 days ago
Restoring streak 3 for 111 days ago
Restoring streak 1 for 110 days ago
Restoring streak 2 for 110 days ago
Restoring streak 1 for 109 days ago
Restoring streak 1 for 108 days ago
Restoring streak 2 for 108 days ago
Restoring streak 1 for 107 days ago
Restoring streak 2 for 107 days ago
Restoring streak 1 for 106 days ago
Restoring streak 2 for 106 days ago
Restoring streak 3 for 106 days ago
Restoring streak 1 for 105 days ago
Restoring streak 1 for 104 days ago
Restoring streak 2 for 104 days ago
Restoring streak 1 for 103 days ago
Restoring streak 2 for 103 days ago
Restoring streak 1 for 102 days ago
Restoring streak 1 for 101 days ago
Restoring streak 2 for 101 days ago
Restoring streak 1 for 100 days ago
Restoring streak 1 for 99 days ago
Restoring streak 1 for 98 days ago
Restoring streak 1 for 97 days ago
Restoring streak 2 for 97 days ago
Restoring streak 3 for 97 days ago
Restoring streak 1 for 96 days ago
Restoring streak 2 for 96 days ago
Restoring streak 1 for 95 days ago
Restoring streak 2 for 95 days ago
Restoring streak 1 for 94 days ago
Restoring streak 2 for 94 days ago
Restoring streak 3 for 94 days ago
Restoring streak 1 for 93 days ago
Restoring streak 1 for 92 days ago
Restoring streak 1 for 91 days ago
Restoring streak 2 for 91 days ago
Restoring streak 1 for 90 days ago
Restoring streak 1 for 89 days ago
Restoring streak 1 for 88 days ago
Restoring streak 2 for 88 days ago
Restoring streak 3 for 88 days ago
Restoring streak 1 for 87 days ago
Restoring streak 2 for 87 days ago
Restoring streak 1 for 86 days ago
Restoring streak 2 for 86 days ago
Restoring streak 1 for 85 days ago
Restoring streak 2 for 85 days ago
Restoring streak 1 for 84 days ago
Restoring streak 2 for 84 days ago
Restoring streak 1 for 83 days ago
Restoring streak 2 for 83 days ago
Restoring streak 3 for 83 days ago
Restoring streak 1 for 82 days ago
Restoring streak 2 for 82 days ago
Restoring streak 1 for 81 days ago
Restoring streak 1 for 80 days ago
Restoring streak 1 for 79 days ago
Restoring streak 1 for 78 days ago
Restoring streak 2 for 78 days ago
Restoring streak 3 for 78 days ago
Restoring streak 1 for 77 days ago
Restoring streak 2 for 77 days ago
Restoring streak 1 for 76 days ago
Restoring streak 1 for 75 days ago
Restoring streak 2 for 75 days ago
Restoring streak 1 for 74 days ago
Restoring streak 2 for 74 days ago
Restoring streak 1 for 73 days ago
Restoring streak 1 for 72 days ago
Restoring streak 2 for 72 days ago
Restoring streak 1 for 71 days ago
Restoring streak 1 for 70 days ago
Restoring streak 1 for 69 days ago
Restoring streak 2 for 69 days ago
Restoring streak 1 for 68 days ago
Restoring streak 2 for 68 days ago
Restoring streak 3 for 68 days ago
Restoring streak 1 for 67 days ago
Restoring streak 2 for 67 days ago
Restoring streak 3 for 67 days ago
Restoring streak 1 for 66 days ago
Restoring streak 1 for 65 days ago
Restoring streak 2 for 65 days ago
Restoring streak 1 for 64 days ago
Restoring streak 2 for 64 days ago
Restoring streak 3 for 64 days ago
Restoring streak 1 for 63 days ago
Restoring streak 2 for 63 days ago
Restoring streak 1 for 62 days ago
Restoring streak 2 for 62 days ago
Restoring streak 1 for 61 days ago
Restoring streak 1 for 60 days ago
Restoring streak 2 for 60 days ago
Restoring streak 1 for 59 days ago
Restoring streak 1 for 58 days ago
Restoring streak 2 for 58 days ago
Restoring streak 3 for 58 days ago
Restoring streak 1 for 57 days ago
Restoring streak 2 for 57 days ago
Restoring streak 3 for 57 days ago
Restoring streak 1 for 56 days ago
Restoring streak 2 for 56 days ago
Restoring streak 1 for 55 days ago
Restoring streak 2 for 55 days ago
Restoring streak 1 for 54 days ago
Restoring streak 2 for 54 days ago
Restoring streak 3 for 54 days ago
Restoring streak 1 for 53 days ago
Restoring streak 1 for 52 days ago
Restoring streak 2 for 52 days ago
Restoring streak 3 for 52 days ago
Restoring streak 1 for 51 days ago
Restoring streak 2 for 51 days ago
Restoring streak 1 for 50 days ago
Restoring streak 2 for 50 days ago
Restoring streak 1 for 49 days ago
Restoring streak 2 for 49 days ago
Restoring streak 3 for 49 days ago
Restoring streak 1 for 48 days ago
Restoring streak 2 for 48 days ago
Restoring streak 1 for 47 days ago
Restoring streak 2 for 47 days ago
Restoring streak 1 for 46 days ago
Restoring streak 2 for 46 days ago
Restoring streak 1 for 45 days ago
Restoring streak 1 for 44 days ago
Restoring streak 2 for 44 days ago
Restoring streak 1 for 43 days ago
Restoring streak 2 for 43 days ago
Restoring streak 3 for 43 days ago
Restoring streak 1 for 42 days ago
Restoring streak 2 for 42 days ago
Restoring streak 3 for 42 days ago
Restoring streak 1 for 41 days ago
Restoring streak 2 for 41 days ago
Restoring streak 1 for 40 days ago
Restoring streak 1 for 39 days ago
Restoring streak 2 for 39 days ago
Restoring streak 1 for 38 days ago
Restoring streak 1 for 37 days ago
Restoring streak 1 for 36 days ago
Restoring streak 2 for 36 days ago
Restoring streak 1 for 35 days ago
Restoring streak 1 for 34 days ago
Restoring streak 2 for 34 days ago
Restoring streak 1 for 33 days ago
Restoring streak 2 for 33 days ago
Restoring streak 3 for 33 days ago
Restoring streak 1 for 32 days ago
Restoring streak 1 for 31 days ago
Restoring streak 2 for 31 days ago
Restoring streak 1 for 30 days ago
Restoring streak 2 for 30 days ago
Restoring streak 3 for 30 days ago
Restoring streak 1 for 29 days ago
Restoring streak 2 for 29 days ago
Restoring streak 1 for 28 days ago
Restoring streak 1 for 27 days ago
Restoring streak 2 for 27 days ago
Restoring streak 1 for 26 days ago
Restoring streak 1 for 25 days ago
Restoring streak 2 for 25 days ago
Restoring streak 3 for 25 days ago
Restoring streak 1 for 24 days ago
Restoring streak 2 for 24 days ago
Restoring streak 1 for 23 days ago
Restoring streak 1 for 22 days ago
Restoring streak 1 for 21 days ago
Restoring streak 1 for 20 days ago
Restoring streak 2 for 20 days ago
Restoring streak 1 for 19 days ago
Restoring streak 1 for 18 days ago
Restoring streak 2 for 18 days ago
Restoring streak 1 for 17 days ago
Restoring streak 2 for 17 days ago
Restoring streak 3 for 17 days ago
Restoring streak 1 for 16 days ago
Restoring streak 2 for 16 days ago
Restoring streak 3 for 16 days ago
Restoring streak 1 for 15 days ago
Restoring streak 1 for 14 days ago
Restoring streak 2 for 14 days ago
Restoring streak 1 for 13 days ago
Restoring streak 2 for 13 days ago
Restoring streak 3 for 13 days ago
Restoring streak 1 for 12 days ago
Restoring streak 1 for 11 days ago
Restoring streak 1 for 10 days ago
Restoring streak 2 for 10 days ago
Restoring streak 1 for 9 days ago
Restoring streak 2 for 9 days ago
Restoring streak 3 for 9 days ago
Restoring streak 1 for 8 days ago
Restoring streak 2 for 8 days ago
Restoring streak 1 for 7 days ago
Restoring streak 2 for 7 days ago
Restoring streak 1 for 6 days ago
Restoring streak 2 for 6 days ago
Restoring streak 3 for 6 days ago
Restoring streak 1 for 5 days ago
Restoring streak 2 for 5 days ago
Restoring streak 1 for 4 days ago
Restoring streak 2 for 4 days ago
Restoring streak 1 for 3 days ago
Restoring streak 1 for 2 days ago
Restoring streak 2 for 2 days ago
Restoring streak 1 for 1 days ago
Restoring streak 2 for 1 days ago
Restoring streak 1 for 0 days ago
Restoring streak 2 for 0 days ago
Restoring streak 3 for 0 days ago
[2025-09-26T12:04:51] Log update #13
[2025-09-27T12:34:42] Log update #20
[2025-09-27T13:16:42] Log update #21
[2025-09-27T14:01:42] Log update #22
[2025-09-27T14:44:42] Log update #23
[2025-09-27T15:26:42] Log update #25
[2025-09-28T11:52:47] Log update #28
[2025-10-01T20:28:33] Log update #44
[2025-10-01T21:15:33] Log update #47
[2025-10-03T09:56:21] Log update #49
[2025-10-03T10:06:21] Log update #50
[2025-10-08T17:20:34] Log update #65
[2025-10-08T17:59:34] Log update #68
[2025-10-09T11:09:07] Log update #69
[2025-10-09T11:44:07] Log update #70
[2025-10-09T12:43:07] Log update #73
[2025-10-09T13:13:07] Log update #74
[2025-10-09T13:35:07] Log update #75
[2025-10-10T16:36:28] Log update #77
[2025-10-10T16:55:28] Log update #78
[2025-10-10T17:46:28] Log update #81
[2025-10-10T18:10:28] Log update #83
[2025-10-11T18:51:40] Log update #84
[2025-10-11T19:13:40] Log update #85
[2025-10-13T16:37:02] Log update #93
[2025-10-13T17:53:02] Log update #96
[2025-10-17T20:44:13] Log update #103
[2025-10-21T16:54:24] Log update #111
[2025-10-21T17:53:24] Log update #113
[2025-10-21T18:16:24] Log update #114
[2025-10-21T18:55:24] Log update #115
[2025-10-21T20:29:24] Log update #119
[2025-10-21T20:38:24] Log update #120
[2025-10-27T17:17:20] Log update #136
[2025-10-27T18:47:20] Log update #139
[2025-10-27T20:03:20] Log update #142
[2025-10-28T10:04:31] Log update #145
[2025-10-29T14:58:30] Log update #148
[2025-10-29T15:04:30] Log update #149
[2025-10-29T16:20:30] Log update #151
[2025-10-29T18:24:30] Log update #156
[2025-10-29T18:49:30] Log update #157
[2025-10-29T20:00:30] Log update #159
[2025-10-29T20:22:30] Log update #160
[2025-11-02T12:20:07] Log update #165
[2025-11-04T17:02:54] Log update #172
[2025-11-04T18:20:54] Log update #175
[2025-11-04T18:27:54] Log update #176
[2025-11-04T18:53:54] Log update #178
[2025-11-05T10:43:30] Log update #182
[2025-11-08T10:26:59] Log update #193
[2025-11-08T11:04:59] Log update #194
[2025-11-08T12:07:59] Log update #198
[2025-11-10T15:00:46] Log update #199
[2025-11-10T15:33:46] Log update #200
[2025-11-10T15:43:46] Log update #201
[2025-11-10T16:24:46] Log update #202
[2025-11-10T17:22:46] Log update #204
[2025-11-10T18:04:46] Log update #205
[2025-11-10T18:45:46] Log update #206
[2025-11-11T09:47:29] Log update #207
[2025-11-11T11:13:29] Log update #210
[2025-11-11T11:52:29] Log update #211
[2025-11-11T12:18:29] Log update #212
[2025-11-11T12:37:29] Log update #213
[2025-11-12T21:13:38] Log update #219
[2025-11-15T11:36:20] Log update #233
[2025-11-17T14:29:42] Log update #238
[2025-11-18T12:18:23] Log update #241
[2025-11-19T11:23:00] Log update #245
[2025-11-19T12:27:00] Log update #247
[2025-11-20T11:20:32] Log update #252
[2025-11-21T10:26:28] Log update #256
[2025-11-24T21:37:21] Log update #258
[2025-11-25T11:08:22] Log update #264
[2025-11-25T11:50:22] Log update #265
[2025-11-25T12:20:22] Log update #266
[2025-11-26T18:41:33] Log update #271
[2025-11-26T19:23:33] Log update #273
[2025-11-27T19:01:16] Log update #275
[2025-11-27T19:57:16] Log update #278
[2025-11-27T20:07:16] Log update #279
[2025-11-27T20:38:16] Log update #281
[2025-11-27T20:48:16] Log update #282
[2025-11-27T20:57:16] Log update #283
[2025-11-27T21:55:16] Log update #285
[2025-11-28T16:29:25] Log update #290
[2025-11-30T16:47:29] Log update #294
[2025-11-30T17:28:29] Log update #295
[2025-12-01T11:50:52] Log update #297
[2025-12-01T12:28:52] Log update #298
[2025-12-03T10:50:42] Log update #302
[2025-12-05T18:07:07] Log update #308
[2025-12-05T19:23:07] Log update #312
[2025-12-05T19:43:07] Log update #314
[2025-12-06T12:12:17] Log update #317
[2025-12-06T12:45:17] Log update #319
[2025-12-08T20:58:47] Log update #325
[2025-12-08T23:23:47] Log update #329
[2025-12-10T11:46:51] Log update #336
[2025-12-10T11:52:51] Log update #337
[2025-12-10T12:58:51] Log update #340
[2025-12-11T10:41:05] Log update #341
[2025-12-11T11:37:05] Log update #343
[2025-12-11T12:18:05] Log update #344
[2025-12-11T12:52:05] Log update #345
[2025-12-12T11:13:04] Log update #349
[2025-12-12T13:11:04] Log update #354
[2025-12-22T12:39:05] Log update #370
[2025-12-22T13:02:05] Log update #371
[2025-12-23T17:03:00] Log update #376
[2025-12-23T17:14:00] Log update #377
[2025-12-24T17:04:33] Log update #379
[2025-12-24T17:34:33] Log update #381
[2025-12-24T18:14:33] Log update #383
[2025-12-24T18:35:33] Log update #384
[2025-12-24T19:19:33] Log update #387
[2025-12-25T12:32:21] Log update #392
[2025-12-26T21:47:28] Log update #397
[2025-12-28T16:36:27] Log update #400
[2025-12-28T17:12:27] Log update #401
[2025-12-30T10:32:46] Log update #404
[2025-12-30T11:20:46] Log update #406
[2025-12-30T12:16:46] Log update #409
[2025-12-30T13:11:46] Log update #411
[2025-12-30T14:51:46] Log update #415
[2025-12-30T15:25:46] Log update #416
[2026-01-01T11:58:51] Log update #417
[2026-01-02T21:34:19] Log update #421
[2026-01-02T23:22:19] Log update #424
[2026-01-05T22:03:02] Log update #428
[2026-01-05T22:17:02] Log update #429
[2026-01-06T12:10:38] Log update #432
[2026-01-06T13:13:38] Log update #434
[2026-01-06T13:40:38] Log update #436
[2026-01-09T10:29:36] Log update #439
[2026-01-09T11:24:36] Log update #442
[2026-01-10T14:51:05] Log update #443
[2026-01-10T15:29:05] Log update #444
[2026-01-12T18:22:38] Log update #446
[2026-01-12T18:32:38] Log update #447
[2026-01-12T20:11:38] Log update #450
[2026-01-12T20:22:38] Log update #451
[2026-01-14T20:48:17] Log update #452
[2026-01-16T16:50:01] Log update #457
[2026-01-16T21:13:01] Log update #467
[2026-01-16T21:29:01] Log update #468
[2026-01-16T22:14:01] Log update #470
[2026-01-17T10:50:21] Log update #472
[2026-01-19T09:32:13] Log update #474
[2026-01-19T10:04:13] Log update #475
[2026-01-21T16:19:33] Log update #485
[2026-01-21T16:25:33] Log update #486
[2026-01-21T17:53:33] Log update #490
[2026-01-21T18:18:33] Log update #491
[2026-01-22T11:27:11] Log update #496
[2026-01-23T21:32:58] Log update #502
[2026-01-23T23:03:58] Log update #507
[2026-01-26T09:14:55] Log update #511
[2026-01-26T09:37:55] Log update #512
[2026-01-28T16:41:04] Log update #518
[2026-01-28T18:54:04] Log update #523
[2026-01-30T15:18:41] Log update #526
[2026-01-30T15:59:41] Log update #528
[2026-01-30T16:24:41] Log update #530
[2026-02-01T11:16:15] Log update #535
[2026-02-02T10:27:28] Log update #537
[2026-02-02T11:11:28] Log update #539
[2026-02-02T11:54:28] Log update #541
[2026-02-02T13:05:28] Log update #544
[2026-02-02T13:35:28] Log update #545
[2026-02-03T12:10:31] Log update #547
[2026-02-03T13:35:31] Log update #550
[2026-02-05T10:41:21] Log update #553
[2026-02-05T11:23:21] Log update #554
[2026-02-05T13:46:21] Log update #560
[2026-02-06T12:31:08] Log update #562
[2026-02-08T15:19:23] Log update #564
[2026-02-08T15:48:23] Log update #566
[2026-02-09T10:53:57] Log update #568
[2026-02-10T11:27:39] Log update #571
[2026-02-10T12:09:39] Log update #572
[2026-02-10T12:46:39] Log update #573
[2026-02-10T17:23:39] Log update #581
[2026-02-11T10:35:10] Log update #582
[2026-02-11T11:02:10] Log update #583
[2026-02-12T17:41:51] Log update #588
[2026-02-12T18:57:51] Log update #591
[2026-02-12T20:10:51] Log update #593
[2026-02-12T20:48:51] Log update #594
[2026-02-13T15:05:01] Log update #600
[2026-02-14T11:51:45] Log update #603
[2026-02-16T19:27:09] Log update #606
[2026-02-16T19:54:09] Log update #608
[2026-02-16T20:23:09] Log update #609
[2026-02-17T18:33:41] Log update #611
[2026-02-17T19:13:41] Log update #612
[2026-02-17T19:55:41] Log update #615
[2026-02-18T11:17:05] Log update #622
[2026-02-18T11:25:05] Log update #623
[2026-02-18T12:35:05] Log update #625
[2026-02-20T19:11:22] Log update #626
[2026-02-20T19:33:22] Log update #627
[2026-02-20T20:19:22] Log update #630
[2026-02-22T14:30:06] Log update #631
[2026-02-24T12:57:46] Log update #638
[2026-02-24T13:53:46] Log update #640
[2026-02-24T14:21:46] Log update #641
[2026-02-24T14:37:46] Log update #642
[2026-02-24T14:57:46] Log update #643
[2026-02-25T20:33:31] Log update #644
[2026-02-25T20:54:31] Log update #645
[2026-02-26T22:37:58] Log update #649
[2026-02-26T22:57:58] Log update #650
[2026-02-27T18:37:38] Log update #653
[2026-02-27T18:57:38] Log update #654
[2026-02-28T18:53:29] Log update #656
[2026-03-01T21:23:33] Log update #658
[2026-03-01T23:17:33] Log update #662
[2026-03-03T09:21:19] Log update #664
[2026-03-03T09:30:19] Log update #665
[2026-03-04T11:37:21] Log update #671
[2026-03-04T12:53:21] Log update #673
[2026-03-04T13:22:21] Log update #674
[2026-03-05T11:59:52] Log update #675
[2026-03-05T12:34:52] Log update #676
[2026-03-05T15:25:52] Log update #682
[2026-03-05T16:05:52] Log update #684
[2026-03-05T18:26:52] Log update #689
[2026-03-06T10:03:28] Log update #691
[2026-03-06T10:22:28] Log update #692
[2026-03-07T09:17:19] Log update #697
[2026-03-09T19:11:51] Log update #701
[2026-03-09T19:40:51] Log update #702
[2026-03-09T20:27:51] Log update #704
[2026-03-10T14:09:54] Log update #709
[2026-03-10T14:42:54] Log update #710
[2026-03-11T13:36:35] Log update #714
[2026-03-11T15:21:35] Log update #719
[2026-03-12T17:46:40] Log update #727
[2026-03-16T10:44:31] Log update #733
[2026-03-16T11:37:31] Log update #736
[2026-03-16T12:29:31] Log update #738
[2026-03-17T21:49:38] Log update #741
[2026-03-17T22:34:38] Log update #743
[2026-03-18T10:58:40] Log update #748
[2026-03-18T12:09:40] Log update #751
[2026-03-20T13:08:52] Log update #761
[2026-03-20T14:20:52] Log update #764
[2026-03-20T14:31:52] Log update #765
[2026-03-20T15:09:52] Log update #766
[2026-03-20T15:53:52] Log update #767
[2026-03-20T18:03:52] Log update #772
[2026-03-23T22:13:55] Log update #777
[2026-03-23T23:21:55] Log update #780
[2026-03-24T20:13:13] Log update #786
[2026-03-25T14:28:49] Log update #789
[2026-03-25T14:43:49] Log update #790
[2026-03-25T14:48:49] Log update #791
[2026-03-26T09:58:13] Log update #793
[2026-03-26T10:36:13] Log update #795
[2026-03-30T10:06:04] Log update #801
[2026-04-03T18:29:38] Log update #809
[2026-04-04T14:27:09] Log update #811
[2026-04-04T15:37:09] Log update #813
[2026-04-04T16:12:09] Log update #814
[2026-04-05T17:19:29] Log update #815
[2026-04-05T17:39:29] Log update #816
[2026-04-05T18:18:29] Log update #817
[2026-04-05T18:51:29] Log update #818
[2026-04-07T14:25:30] Log update #825
[2026-04-07T15:10:30] Log update #826
[2026-04-07T15:27:30] Log update #827
[2026-04-07T16:35:30] Log update #830
[2026-04-08T10:23:16] Log update #835
[2026-04-09T21:09:43] Log update #838
[2026-04-09T21:32:43] Log update #839
[2026-04-10T11:36:52] Log update #844
[2026-04-10T11:59:52] Log update #845
[2026-04-10T14:08:52] Log update #849
[2026-04-10T14:51:52] Log update #850
[2026-04-10T17:14:52] Log update #856
[2026-04-10T17:57:52] Log update #857
[2026-04-11T16:17:11] Log update #859
[2026-04-11T17:41:11] Log update #861
[2026-04-13T18:21:20] Log update #866
[2026-04-13T19:05:20] Log update #867
[2026-04-13T19:44:20] Log update #868
[2026-04-13T20:03:20] Log update #869
[2026-04-14T16:56:05] Log update #871
[2026-04-14T17:07:05] Log update #872
[2026-04-14T18:24:05] Log update #875
[2026-04-14T19:00:05] Log update #876
[2026-04-16T17:23:19] Log update #881
[2026-04-16T18:46:19] Log update #885
[2026-04-16T18:51:19] Log update #886
[2026-04-17T20:50:02] Log update #888
[2026-04-17T21:24:02] Log update #890
[2026-04-17T22:43:02] Log update #892
[2026-04-17T23:09:02] Log update #893
[2026-04-18T10:28:48] Log update #898
[2026-04-19T16:12:23] Log update #899
[2026-04-20T11:28:29] Log update #900
[2026-04-21T21:26:04] Log update #904
[2026-04-22T09:44:25] Log update #905
[2026-04-23T11:31:49] Log update #917
[2026-04-23T12:42:49] Log update #919
[2026-04-23T13:20:49] Log update #920
[2026-04-23T13:43:49] Log update #921
[2026-04-24T16:50:56] Log update #924
[2026-04-24T17:10:56] Log update #925
[2026-04-24T17:16:56] Log update #926
[2026-04-24T19:50:56] Log update #932
[2026-04-26T11:56:31] Log update #936
[2026-04-27T19:10:06] Log update #937
[2026-04-27T20:15:06] Log update #939
[2026-04-27T21:08:06] Log update #941
[2026-04-27T21:19:06] Log update #942
[2026-04-27T21:35:06] Log update #943
[2026-05-01T13:08:24] Log update #962
[2026-05-02T10:18:48] Log update #965
[2026-05-05T18:48:34] Log update #970
[2026-05-05T19:26:34] Log update #971
[2026-05-05T20:12:34] Log update #973
[2026-05-05T20:50:34] Log update #975
[2026-05-06T18:44:12] Log update #976
[2026-05-06T19:34:12] Log update #978
[2026-05-08T15:29:04] Log update #983
[2026-05-08T16:22:04] Log update #985
[2026-05-08T17:00:04] Log update #986
[2026-05-09T16:42:52] Log update #988
[2026-05-09T17:43:52] Log update #991
[2026-05-09T18:13:52] Log update #992
[2026-05-11T10:32:30] Log update #995
[2026-05-12T12:25:26] Log update #1004
[2026-05-13T11:30:27] Log update #1005
[2026-05-13T13:03:27] Log update #1008
[2026-05-13T13:40:27] Log update #1010
[2026-05-13T14:33:27] Log update #1012
[2026-05-13T15:18:27] Log update #1013
[2026-05-13T16:14:27] Log update #1015
[2026-05-15T12:42:23] Log update #1021
[2026-05-15T13:17:23] Log update #1023
[2026-05-18T10:30:01] Log update #1028
[2026-05-18T11:29:01] Log update #1030
[2026-05-18T11:48:01] Log update #1031
[2026-05-18T12:06:01] Log update #1032
[2026-05-19T17:56:46] Log update #1039
[2026-05-21T15:25:33] Log update #1043
[2026-05-25T21:24:10] Log update #1051
[2026-05-25T22:00:10] Log update #1052
[2026-05-25T23:01:10] Log update #1054
[2026-05-25T23:48:10] Log update #1056
[2026-05-27T16:59:10] Log update #1058
[2026-05-28T15:45:36] Log update #1061
[2026-05-29T10:56:50] Log update #1062
[2026-06-01T17:27:13] Log update #1074
[2026-06-03T19:15:38] Log update #1080
[2026-06-03T19:38:38] Log update #1081
[2026-06-03T21:40:38] Log update #1086
[2026-06-03T22:41:38] Log update #1089
[2026-06-03T23:25:38] Log update #1092
[2026-06-04T21:01:38] Log update #1094
[2026-06-05T14:51:41] Log update #1096
[2026-06-05T15:55:41] Log update #1100
[2026-06-05T17:12:41] Log update #1103
[2026-06-05T17:39:41] Log update #1104
[2026-06-05T18:05:41] Log update #1105
[2026-06-05T18:26:41] Log update #1106
[2026-06-05T19:08:41] Log update #1107
[2026-06-05T19:20:41] Log update #1108
[2026-06-09T17:09:36] Log update #1110
[2026-06-09T17:16:36] Log update #1111
[2026-06-09T17:26:36] Log update #1112
[2026-06-09T18:46:36] Log update #1114
[2026-06-09T18:56:36] Log update #1115
[2026-06-09T19:06:36] Log update #1116
[2026-06-09T19:43:36] Log update #1118
[2026-06-10T12:16:44] Log update #1125
[2026-06-11T09:40:21] Log update #1128
[2026-06-11T10:19:21] Log update #1130
[2026-06-12T20:26:32] Log update #1136
[2026-06-12T21:35:32] Log update #1139
[2026-06-12T21:52:32] Log update #1140
[2026-06-12T21:58:32] Log update #1141
[2026-06-12T22:29:32] Log update #1142
[2026-06-12T23:30:32] Log update #1145
[2026-06-13T20:35:56] Log update #1146
[2026-06-13T21:13:56] Log update #1147
[2026-06-15T16:46:21] Log update #1153
[2026-06-16T14:23:31] Log update #1155
[2026-06-16T15:43:31] Log update #1158
[2026-06-16T16:44:31] Log update #1161
[2026-06-17T18:59:22] Log update #1162
[2026-06-17T19:32:22] Log update #1163
[2026-06-17T20:34:22] Log update #1165
[2026-06-18T20:59:37] Log update #1167
[2026-06-19T18:25:35] Log update #1169
[2026-06-19T19:26:35] Log update #1171
[2026-06-21T17:36:14] Log update #1175
[2026-06-21T17:51:14] Log update #1176
[2026-06-21T18:34:14] Log update #1178
[2026-06-22T17:15:03] Log update #1180
[2026-06-22T18:48:03] Log update #1183
[2026-06-22T19:47:03] Log update #1185
[2026-06-22T22:27:03] Log update #1191
[2026-06-23T19:57:59] Log update #1195
[2026-06-23T20:30:59] Log update #1196
[2026-06-23T21:09:59] Log update #1198
[2026-06-25T11:45:08] Log update #1207
[2026-06-25T12:25:08] Log update #1208
[2026-06-25T13:08:08] Log update #1210
[2026-06-25T13:33:08] Log update #1211
[2026-06-26T09:48:02] Log update #1214
[2026-06-26T10:57:02] Log update #1217
[2026-06-26T11:36:02] Log update #1218
[2026-06-29T15:21:03] Log update #1224
[2026-06-29T16:29:03] Log update #1227
[2026-06-30T10:10:57] Log update #1230
[2026-06-30T10:34:57] Log update #1231
[2026-06-30T11:14:57] Log update #1232
[2026-06-30T11:57:57] Log update #1234
[2026-07-02T11:47:42] Log update #1240
[2026-07-02T12:28:42] Log update #1241
[2026-07-02T13:15:42] Log update #1243
[2026-07-05T19:51:19] Log update #1250
[2026-07-07T09:45:19] Log update #1252
[2026-07-07T12:35:19] Log update #1258
[2026-07-07T15:26:19] Log update #1263
[2026-07-08T13:00:10] Log update #1267
[2026-07-08T14:35:10] Log update #1271
[2026-07-10T18:31:14] Log update #1272
[2026-07-13T17:34:31] Log update #1281
[2026-07-13T17:41:31] Log update #1282
[2026-07-14T14:28:11] Log update #1283
[2026-07-14T15:03:11] Log update #1285
[2026-07-14T15:27:11] Log update #1286
[2026-07-17T10:49:43] Log update #1294
[2026-07-17T11:21:43] Log update #1295
[2026-07-18T18:38:19] Log update #1300
[2026-07-21T19:03:15] Log update #1306
[2026-07-21T19:39:15] Log update #1307
[2026-07-21T20:00:15] Log update #1309
[2026-07-21T21:22:15] Log update #1313
[2026-07-21T21:50:15] Log update #1314
[2026-07-23T13:23:15] Log update #1335
[2026-07-23T13:55:15] Log update #1336
[2026-07-23T16:03:15] Log update #1340
[2026-07-24T21:08:12] Log update #1346
[2026-07-24T22:11:12] Log update #1348
[2026-07-25T21:03:35] Log update #1351
[2026-07-25T22:01:35] Log update #1353
[2026-07-25T23:38:35] Log update #1356
[2026-07-28T11:39:07] Log update #1358
[2026-07-30T11:46:37] Log update #1363
[2026-07-30T12:29:37] Log update #1366
[2026-07-31T18:16:38] Log update #1372
[2026-07-31T19:38:38] Log update #1374
[2026-07-31T21:28:38] Log update #1379
[2026-07-31T22:01:38] Log update #1380
[2026-08-01T19:05:58] Log update #1383
[2026-08-01T19:33:58] Log update #1384
[2026-08-01T20:07:58] Log update #1386
[2026-08-03T15:26:38] Log update #1393
[2026-08-03T16:07:38] Log update #1394
[2026-08-03T17:55:38] Log update #1398
[2026-08-03T18:02:38] Log update #1399
[2026-08-03T18:36:38] Log update #1400
[2026-08-03T19:05:38] Log update #1402
[2026-08-04T10:59:57] Log update #1403
[2026-08-04T11:18:57] Log update #1404
[2026-08-04T12:20:57] Log update #1406
[2026-08-04T12:45:57] Log update #1408
[2026-08-05T17:05:02] Log update #1411
[2026-08-05T17:43:02] Log update #1413
[2026-08-05T18:27:02] Log update #1414
[2026-08-06T11:35:44] Log update #1416
[2026-08-06T11:40:44] Log update #1417
[2026-08-06T12:10:44] Log update #1418
[2026-08-06T12:22:44] Log update #1419
[2026-08-06T12:38:44] Log update #1420
[2026-08-06T13:18:44] Log update #1421
[2026-08-07T12:18:36] Log update #1425
[Tue Aug 11 10:56:27 UTC 2026] Streak update 1
[Tue Aug 11 10:56:27 UTC 2026] Streak update 2
[Wed Aug 12 11:04:25 UTC 2026] Streak update 1
[Wed Aug 12 11:04:25 UTC 2026] Streak update 2
[Thu Aug 13 11:04:12 UTC 2026] Streak update 1
[Thu Aug 13 11:04:12 UTC 2026] Streak update 2
[Thu Aug 13 11:04:12 UTC 2026] Streak update 3
[Thu Aug 13 11:04:12 UTC 2026] Streak update 4
[Thu Aug 13 11:04:12 UTC 2026] Streak update 5
[Thu Aug 13 11:04:12 UTC 2026] Streak update 6
[Fri Aug 14 11:02:12 UTC 2026] Streak update 1
[Fri Aug 14 11:02:12 UTC 2026] Streak update 2
[Fri Aug 14 11:02:12 UTC 2026] Streak update 3
[Fri Aug 14 11:02:12 UTC 2026] Streak update 4
[Sat Aug 15 10:29:08 UTC 2026] Streak update 1
[Sat Aug 15 10:29:08 UTC 2026] Streak update 2
[Sat Aug 15 10:29:08 UTC 2026] Streak update 3
[Sun Aug 16 10:29:26 UTC 2026] Streak update 1
[Sun Aug 16 10:29:26 UTC 2026] Streak update 2
[Sun Aug 16 10:29:26 UTC 2026] Streak update 3
[Sun Aug 16 10:29:26 UTC 2026] Streak update 4
[Sun Aug 16 10:29:26 UTC 2026] Streak update 5
[Mon Aug 17 10:38:30 UTC 2026] Streak update 1
[Mon Aug 17 10:38:30 UTC 2026] Streak update 2
[Mon Aug 17 10:38:30 UTC 2026] Streak update 3
[Mon Aug 17 10:38:30 UTC 2026] Streak update 4
[Tue Aug 18 10:36:00 UTC 2026] Streak update 1
[Tue Aug 18 10:36:00 UTC 2026] Streak update 2
[Tue Aug 18 10:36:00 UTC 2026] Streak update 3
[Wed Aug 19 10:35:23 UTC 2026] Streak update 1
[Wed Aug 19 10:35:23 UTC 2026] Streak update 2
[Thu Aug 20 10:37:21 UTC 2026] Streak update 1
[Thu Aug 20 10:37:21 UTC 2026] Streak update 2
[Thu Aug 20 10:37:21 UTC 2026] Streak update 3
[Thu Aug 20 10:37:21 UTC 2026] Streak update 4
[Thu Aug 20 10:37:21 UTC 2026] Streak update 5
[Fri Aug 21 10:36:54 UTC 2026] Streak update 1
[Fri Aug 21 10:36:54 UTC 2026] Streak update 2
[Fri Aug 21 10:36:54 UTC 2026] Streak update 3
[Fri Aug 21 10:36:54 UTC 2026] Streak update 4
[Sat Aug 22 10:30:32 UTC 2026] Streak update 1
[Sat Aug 22 10:30:32 UTC 2026] Streak update 2
[Sun Aug 23 10:30:52 UTC 2026] Streak update 1
[Sun Aug 23 10:30:52 UTC 2026] Streak update 2
[Mon Aug 24 10:42:48 UTC 2026] Streak update 1
[Mon Aug 24 10:42:48 UTC 2026] Streak update 2
[Mon Aug 24 10:42:48 UTC 2026] Streak update 3
[Tue Aug 25 10:39:48 UTC 2026] Streak update 1
[Tue Aug 25 10:39:48 UTC 2026] Streak update 2
[Tue Aug 25 10:39:48 UTC 2026] Streak update 3
[Tue Aug 25 10:39:48 UTC 2026] Streak update 4
[Wed Aug 26 10:41:18 UTC 2026] Streak update 1
[Wed Aug 26 10:41:18 UTC 2026] Streak update 2
[Wed Aug 26 10:41:18 UTC 2026] Streak update 3
[Wed Aug 26 10:41:18 UTC 2026] Streak update 4
[Thu Aug 27 20:16:09 UTC 2026] Streak update 1
[Thu Aug 27 20:16:09 UTC 2026] Streak update 2
[Thu Aug 27 20:16:09 UTC 2026] Streak update 3
[Thu Aug 27 20:16:09 UTC 2026] Streak update 4
[Fri Aug 28 21:09:16 UTC 2026] Streak update 1
[Fri Aug 28 21:09:16 UTC 2026] Streak update 2
[Fri Aug 28 21:09:16 UTC 2026] Streak update 3
[Sat Aug 29 14:59:04 UTC 2026] Streak update 1
[Sat Aug 29 14:59:04 UTC 2026] Streak update 2
[Sat Aug 29 14:59:04 UTC 2026] Streak update 3
[Sun Aug 30 14:46:04 UTC 2026] Streak update 1
[Sun Aug 30 14:46:04 UTC 2026] Streak update 2
[Sun Aug 30 14:46:04 UTC 2026] Streak update 3
[2026-08-31T17:30:33Z] Streak update #1: fix(ui): responsive layout adjustments for navbar
[2026-08-31T17:30:33Z] Streak update #2: refactor(core): optimize state management logic
[2026-08-31T17:30:33Z] Streak update #3: fix(utils): resolve timezone parsing issue
[2026-08-31T17:30:33Z] Streak update #4: fix(ui): responsive layout adjustments for navbar
[2026-09-01T14:42:11Z] Streak update #1: refactor(hooks): decouple reactive event listeners
[2026-09-01T14:42:11Z] Streak update #2: ci: update workflow triggers
[2026-09-02T14:17:16Z] Streak update #1: chore(deps): bump library versions
[2026-09-02T14:17:16Z] Streak update #2: style: format code according to prettier guidelines
[2026-09-03T14:20:55Z] Streak update #1: refactor: cleanup unused variables and imports
[2026-09-03T14:20:55Z] Streak update #2: perf(db): optimize relational queries and joins
[2026-09-04T14:09:53Z] Streak update #1: docs: update architecture diagrams and workflow docs
[2026-09-04T14:09:53Z] Streak update #2: fix(utils): resolve timezone parsing issue
[2026-09-04T14:09:53Z] Streak update #3: test: write unit test coverage for helper functions
[2026-09-04T14:09:53Z] Streak update #4: chore: update package dependencies
[2026-09-04T14:09:53Z] Streak update #5: refactor(core): optimize state management logic
[2026-09-04T14:09:53Z] Streak update #6: perf(db): optimize relational queries and joins
[2026-09-05T13:21:35Z] Streak update #1: feat(auth): add rate limiting for sensitive routes
[2026-09-05T13:21:35Z] Streak update #2: build: update build configuration
[2026-09-05T13:21:35Z] Streak update #3: fix(utils): resolve timezone parsing issue
[2026-09-06T13:32:21Z] Streak update #1: feat(auth): add rate limiting for sensitive routes
[2026-09-06T13:32:21Z] Streak update #2: ci: update workflow triggers
[2026-09-06T13:32:21Z] Streak update #3: perf(bundle): enable tree shaking for vendor modules
[2026-09-06T13:32:21Z] Streak update #4: feat(auth): add rate limiting for sensitive routes
[2026-09-07T15:42:57Z] Streak update #1: ci: update workflow triggers
[2026-09-07T15:42:57Z] Streak update #2: test: write unit test coverage for helper functions
[2026-09-07T15:42:57Z] Streak update #3: refactor(core): optimize state management logic
[2026-09-07T15:42:57Z] Streak update #4: chore(ci): streamline runner caching policy
[2026-09-07T15:42:57Z] Streak update #5: refactor(hooks): decouple reactive event listeners
[2026-09-07T15:42:57Z] Streak update #6: fix(utils): resolve timezone parsing issue
[2026-09-08T14:20:50Z] Streak update #1: refactor(core): optimize state management logic
[2026-09-08T14:20:50Z] Streak update #2: docs: update setup instructions in README.md
[2026-09-08T14:20:50Z] Streak update #3: docs: clarify API endpoint parameter descriptions
[2026-09-08T14:20:50Z] Streak update #4: style: format code according to prettier guidelines
[2026-09-09T14:21:50Z] Streak update #1: feat(i18n): support localized date formats
[2026-09-09T14:21:50Z] Streak update #2: refactor(core): optimize state management logic
[2026-09-09T14:21:50Z] Streak update #3: feat(api): add error handling middleware
[2026-09-09T14:21:50Z] Streak update #4: fix(ui): responsive layout adjustments for navbar
[2026-09-10T14:14:28Z] Streak update #1: chore(ci): streamline runner caching policy
[2026-09-10T14:14:28Z] Streak update #2: docs: update architecture diagrams and workflow docs
[2026-09-11T14:14:36Z] Streak update #1: fix(utils): resolve timezone parsing issue
[2026-09-11T14:14:36Z] Streak update #2: perf(bundle): enable tree shaking for vendor modules
[2026-09-11T14:14:36Z] Streak update #3: fix(auth): handle expired token error gracefully
[2026-09-11T14:14:36Z] Streak update #4: test: write unit test coverage for helper functions
[2026-09-12T13:30:14Z] Streak update #1: test(api): add integration test suite
[2026-09-12T13:30:14Z] Streak update #2: style: format code according to prettier guidelines
[2026-09-13T14:13:34Z] Streak update #1: refactor(core): optimize state management logic
[2026-09-13T14:13:34Z] Streak update #2: style: format code according to prettier guidelines
[2026-09-13T14:13:34Z] Streak update #3: feat(components): add modal confirmation dialog
[2026-09-13T14:13:34Z] Streak update #4: fix(utils): resolve timezone parsing issue
[2026-09-13T14:13:34Z] Streak update #5: test(e2e): add end-to-end smoke test suite
[2026-09-14T16:16:35Z] Streak update #1: test: write unit test coverage for helper functions
[2026-09-14T16:16:35Z] Streak update #2: ci: update workflow triggers
[2026-09-14T16:16:35Z] Streak update #3: ci: update workflow triggers
[2026-09-14T16:16:35Z] Streak update #4: test(api): add integration test suite
[2026-09-14T21:18:15Z] Streak update #1: feat(db): optimize query indexes
[2026-09-14T21:18:15Z] Streak update #2: feat(auth): add rate limiting for sensitive routes
[2026-09-14T21:18:15Z] Streak update #3: fix(ui): responsive layout adjustments for navbar
[2026-09-14T21:18:15Z] Streak update #4: style: format code according to prettier guidelines
[2026-09-14T21:18:15Z] Streak update #5: refactor(core): optimize state management logic
[2026-09-14T21:18:15Z] Streak update #6: feat(i18n): support localized date formats
[2026-09-14T21:18:15Z] Streak update #7: chore(ci): streamline runner caching policy
[2026-09-14T21:18:15Z] Streak update #8: test(e2e): add end-to-end smoke test suite
[2026-09-14T21:18:15Z] Streak update #9: feat(i18n): support localized date formats
[2026-09-14T21:18:15Z] Streak update #10: fix(utils): resolve timezone parsing issue
